<html>
<body>
<pre>
<h1>µVision Build Log</h1>
<h2>Tool Versions:</h2>
IDE-Version: µVision V5.36.0.0
Copyright (C) 2021 ARM Ltd and ARM Germany GmbH. All rights reserved.
License Information: Rari Wnic, Rtty, LIC=----
 
Tool Versions:
Toolchain:       MDK-Lite  Version: 5.36.0.0
Toolchain Path:  C:\Keil_v5\ARM\ARMCC\Bin
C Compiler:      Armcc.exe V5.06 update 7 (build 960)
Assembler:       Armasm.exe V5.06 update 7 (build 960)
Linker/Locator:  ArmLink.exe V5.06 update 7 (build 960)
Library Manager: ArmAr.exe V5.06 update 7 (build 960)
Hex Converter:   FromElf.exe V5.06 update 7 (build 960)
CPU DLL:         SARMCM3.DLL V5.36.0.0
Dialog DLL:      DCM.DLL V1.17.3.0
Target DLL:      STLink\ST-LINKIII-KEIL_SWO.dll V3.0.9.0
Dialog DLL:      TCM.DLL V1.53.0.0
 
<h2>Project:</h2>
C:\Users\gjdjn\workspacestm32\peredat4ikF4\MDK-ARM\peredat4ikF4.uvprojx
Project File Date:  06/14/2025

<h2>Output:</h2>
*** Using Compiler 'V5.06 update 7 (build 960)', folder: 'C:\Keil_v5\ARM\ARMCC\Bin'
Build target 'peredat4ikF4'
assembling startup_stm32f407xx.s...
compiling stm32f4xx_it.c...
compiling main.c...
../Core/Inc/RF24.h(149): warning:  #1295-D: Deprecated declaration isChipConnected - give arg types
  bool isChipConnected();
../Core/Inc/RF24.h(161): warning:  #1295-D: Deprecated declaration whatHappened - give arg types
  uint8_t whatHappened();
../Core/Inc/RF24.h(175): warning:  #1295-D: Deprecated declaration enableDynamicAck - give arg types
  void enableDynamicAck();
../Core/Src/main.c(231): warning:  #177-D: variable "remsg"  was declared but never referenced
  	  uint8_t remsg = 0; // ?????????? ??? ?????? ????? ?????????? ?????? ? ???????
../Core/Src/main.c(86): warning:  #177-D: variable "per1"  was declared but never referenced
  int per1,per2;
../Core/Src/main.c(86): warning:  #177-D: variable "per2"  was declared but never referenced
  int per1,per2;
../Core/Src/main.c: 6 warnings, 0 errors
compiling nrf24l01.c...
NRF24.h(149): warning:  #1295-D: Deprecated declaration isChipConnected - give arg types
  bool isChipConnected();
NRF24.h(161): warning:  #1295-D: Deprecated declaration whatHappened - give arg types
  uint8_t whatHappened();
NRF24.h(175): warning:  #1295-D: Deprecated declaration enableDynamicAck - give arg types
  void enableDynamicAck();
NRF24.h(206): warning:  #1-D: last line of file ends without a newline
  #endif /* NRF24L01_H_ */
nrf24l01.c(40): warning:  #188-D: enumerated type mixed with another type
  	HAL_GPIO_WritePin(CSN_GPIO_Port, CSN_Pin, level);
nrf24l01.c(46): warning:  #188-D: enumerated type mixed with another type
  	HAL_GPIO_WritePin(CE_GPIO_Port, CE_Pin, level);
nrf24l01.c(645): warning:  #1-D: last line of file ends without a newline
  }
nrf24l01.c: 7 warnings, 0 errors
compiling stm32f4xx_hal_adc_ex.c...
compiling stm32f4xx_hal_msp.c...
compiling stm32f4xx_hal_adc.c...
compiling stm32f4xx_hal_rcc_ex.c...
compiling stm32f4xx_hal_flash.c...
compiling stm32f4xx_hal_rcc.c...
compiling stm32f4xx_hal_gpio.c...
compiling stm32f4xx_hal_flash_ramfunc.c...
compiling stm32f4xx_hal_flash_ex.c...
compiling stm32f4xx_hal_dma.c...
compiling stm32f4xx_hal_pwr.c...
compiling stm32f4xx_hal_dma_ex.c...
compiling stm32f4xx_hal_pwr_ex.c...
compiling stm32f4xx_hal.c...
compiling stm32f4xx_hal_cortex.c...
compiling stm32f4xx_hal_exti.c...
compiling stm32f4xx_hal_tim.c...
compiling stm32f4xx_hal_spi.c...
compiling system_stm32f4xx.c...
compiling stm32f4xx_hal_tim_ex.c...
compiling stm32f4xx_hal_uart.c...
linking...
Program Size: Code=10606 RO-data=506 RW-data=28 ZI-data=2004  
FromELF: creating hex file...
"peredat4ikF4\peredat4ikF4.axf" - 0 Error(s), 13 Warning(s).

<h2>Software Packages used:</h2>

Package Vendor: ARM
                https://www.keil.com/pack/ARM.CMSIS.6.1.0.pack
                ARM.CMSIS.6.1.0
                CMSIS (Common Microcontroller Software Interface Standard)
   * Component: CORE Version: 6.1.0

Package Vendor: Keil
                https://www.keil.com/pack/Keil.STM32F4xx_DFP.3.0.0.pack
                Keil.STM32F4xx_DFP.3.0.0
                STMicroelectronics STM32F4 Series Device Support

<h2>Collection of Component include folders:</h2>
  .\RTE\_peredat4ikF4
  C:\Users\gjdjn\AppData\Local\Arm\Packs\ARM\CMSIS\6.1.0\CMSIS\Core\Include

<h2>Collection of Component Files used:</h2>

   * Component: ARM::CMSIS:CORE:6.1.0
      Include file:  CMSIS\Core\Include\tz_context.h
Build Time Elapsed:  00:00:35
</pre>
</body>
</html>
